// Jest Snapshot v1, https://goo.gl/fbAQLP

exports[`BaseButton renders basic button correctly 1`] = `
.emotion-0 {
  display: block;
  border: 1px solid #e2e8f0;
  color: black;
  padding: 10px;
  background-color: white;
}

<button
  class="emotion-0"
>
  Click me
</button>
`;
